../Core/Src/main.c:67:5:_write	24	static
../Core/Src/main.c:78:6:HAL_UART_RxCpltCallback	16	static
../Core/Src/main.c:84:6:HAL_UART_TxCpltCallback	16	static
../Core/Src/main.c:94:5:main	8	static
../Core/Src/main.c:144:6:SystemClock_Config	96	static
../Core/Src/main.c:194:13:MX_TIM1_Init	112	static
../Core/Src/main.c:274:13:MX_USART2_UART_Init	8	static
../Core/Src/main.c:307:13:MX_DMA_Init	16	static
../Core/Src/main.c:328:13:MX_GPIO_Init	48	static
../Core/Src/main.c:358:6:Error_Handler	4	static,ignoring_inline_asm
